0x2 (2), 0x3 (3), 0x5 (5), 0x8 (8), 0xd (13), 0x15 (21), 0x22 (34), 0x37 (55), 0x59 (89), 0x90 (144)
