5 is greater than 0
first layer
first layer2
first layer3
This is printed.
