D = {-1.372, 2.0, 4.372}, where D - set of roots of x^3-5x^2+12
