File before editing:
Lorem ipsum dolor sit amet.

File after appending:
Lorem ipsum dolor sit amet.
Lorem ipsum dolor sit amet.

File after rewriting:
Lorem ipsum dolor sit amet.

