1
Print once
2
Print once
3
Print once
4
Print once
5
Print once
6
Print once
7
Print once
8
Print once
9
Print once
10
Print once
11
Print once
12
Print once
13
Print once
14
Print once
15
Print once
